// Jest Snapshot v1, https://goo.gl/fbAQLP

exports[`Button component: * matches the snapshot: test-button-snapshot 1`] = `
<button
  class="button-item snapshot-btn-class"
  data-testid="button-test"
  type="submit"
>
  Testing button
</button>
`;
